******************************************************************************
                  TI ARM Linker PC v18.12.2                    
******************************************************************************
>> Linked Sat Jun 13 21:25:15 2020

OUTPUT FILE NAME:   <Lab12_Motors.out>
ENTRY POINT SYMBOL: "_c_int00_noargs"  address: 00000c05


MEMORY CONFIGURATION

         name            origin    length      used     unused   attr    fill
----------------------  --------  ---------  --------  --------  ----  --------
  MAIN                  00000000   00040000  00000c82  0003f37e  R  X
  INFO                  00200000   00004000  00000000  00004000  R  X
  SRAM_CODE             01000000   00010000  0000021c  0000fde4  RW X
  SRAM_DATA             20000000   00010000  0000021c  0000fde4  RW  


SEGMENT ALLOCATION MAP

run origin  load origin   length   init length attrs members
----------  ----------- ---------- ----------- ----- -------
00000000    00000000    00000c88   00000c88    r-x
  00000000    00000000    000000e4   000000e4    r-- .intvecs
  000000e4    000000e4    00000b7e   00000b7e    r-x .text
  00000c68    00000c68    00000020   00000020    r-- .cinit
20000000    20000000    0000001c   00000000    rw-
  20000000    20000000    0000001c   00000000    rw- .data
2000fe00    2000fe00    00000200   00000000    rw-
  2000fe00    2000fe00    00000200   00000000    rw- .stack


SECTION ALLOCATION MAP

 output                                  attributes/
section   page    origin      length       input sections
--------  ----  ----------  ----------   ----------------
.intvecs   0    00000000    000000e4     
                  00000000    000000e4     startup_msp432p401r_ccs.obj (.intvecs:retain)

.text      0    000000e4    00000b7e     
                  000000e4    0000032c     system_msp432p401r.obj (.text)
                  00000410    0000030c     MotorSimple.obj (.text)
                  0000071c    000001e0     Clock.obj (.text)
                  000008fc    000000f4     LaunchPad.obj (.text)
                  000009f0    0000009c     rtsv7M4_T_le_v4SPD16_eabi.lib : memcpy_t2.asm.obj (.text)
                  00000a8c    0000006c     SysTick.obj (.text)
                  00000af8    00000068     rtsv7M4_T_le_v4SPD16_eabi.lib : copy_decompress_lzss.c.obj (.text:decompress:lzss:__TI_decompress_lzss)
                  00000b60    00000060     Lab12_Motorsmain.obj (.text)
                  00000bc0    00000044     rtsv7M4_T_le_v4SPD16_eabi.lib : autoinit.c.obj (.text:__TI_auto_init_nobinit_nopinit:__TI_auto_init_nobinit_nopinit)
                  00000c04    00000034                                   : boot_cortex_m.c.obj (.text:_c_int00_noargs:_c_int00_noargs)
                  00000c38    0000000e                                   : copy_decompress_none.c.obj (.text:decompress:none:__TI_decompress_none)
                  00000c46    0000000e     startup_msp432p401r_ccs.obj (.text)
                  00000c54    00000006     Bump.obj (.text)
                  00000c5a    00000004     rtsv7M4_T_le_v4SPD16_eabi.lib : pre_init.c.obj (.text:_system_pre_init)
                  00000c5e    00000004                                   : exit.c.obj (.text:abort:abort)

.cinit     0    00000c68    00000020     
                  00000c68    0000000d     (.cinit..data.load) [load image, compression = lzss]
                  00000c75    00000003     --HOLE-- [fill = 0]
                  00000c78    00000008     (__TI_handler_table)
                  00000c80    00000008     (__TI_cinit_table)

.init_array 
*          0    00000000    00000000     UNINITIALIZED

.binit     0    00000000    00000000     

.data      0    20000000    0000001c     UNINITIALIZED
                  20000000    00000018     Clock.obj (.data)
                  20000018    00000004     system_msp432p401r.obj (.data)

.stack     0    2000fe00    00000200     UNINITIALIZED
                  2000fe00    00000004     rtsv7M4_T_le_v4SPD16_eabi.lib : boot_cortex_m.c.obj (.stack)
                  2000fe04    000001fc     --HOLE--

MODULE SUMMARY

       Module                        code   ro data   rw data
       ------                        ----   -------   -------
    .\
       system_msp432p401r.obj        812    0         8      
       MotorSimple.obj               780    0         0      
       Clock.obj                     480    0         48     
       LaunchPad.obj                 244    0         0      
       startup_msp432p401r_ccs.obj   14     228       0      
       SysTick.obj                   108    0         0      
       Lab12_Motorsmain.obj          96     0         0      
       Bump.obj                      6      0         0      
    +--+-----------------------------+------+---------+---------+
       Total:                        2540   228       56     
                                                             
    C:\ti\ccs910\ccs\tools\compiler\ti-cgt-arm_18.12.2.LTS\lib\rtsv7M4_T_le_v4SPD16_eabi.lib
       memcpy_t2.asm.obj             156    0         0      
       copy_decompress_lzss.c.obj    104    0         0      
       autoinit.c.obj                68     0         0      
       boot_cortex_m.c.obj           52     0         0      
       copy_decompress_none.c.obj    14     0         0      
       exit.c.obj                    4      0         0      
       pre_init.c.obj                4      0         0      
    +--+-----------------------------+------+---------+---------+
       Total:                        402    0         0      
                                                             
       Stack:                        0      0         1024   
       Linker Generated:             0      29        0      
    +--+-----------------------------+------+---------+---------+
       Grand Total:                  2942   257       1080   


LINKER GENERATED COPY TABLES

__TI_cinit_table @ 00000c80 records: 1, size/record: 8, table size: 8
	.data: load addr=00000c68, load size=0000000d bytes, run addr=20000000, run size=0000001c bytes, compression=lzss


LINKER GENERATED HANDLER TABLE

__TI_handler_table @ 00000c78 records: 2, size/record: 4, table size: 8
	index: 0, handler: __TI_decompress_lzss
	index: 1, handler: __TI_decompress_none


GLOBAL SYMBOLS: SORTED ALPHABETICALLY BY Name 

address   name                          
-------   ----                          
00000c53  ADC14_IRQHandler              
00000c53  AES256_IRQHandler             
00000c55  Bump_Init                     
00000c57  Bump_Read                     
00000c53  BusFault_Handler              
00000c5f  C$$EXIT                       
00000c53  COMP_E0_IRQHandler            
00000c53  COMP_E1_IRQHandler            
20000008  CPMwait                       
00000c53  CS_IRQHandler                 
20000000  ClockFrequency                
00000871  Clock_Delay1ms                
00000847  Clock_Delay1us                
00000833  Clock_GetFreq                 
0000071d  Clock_Init48MHz               
20000014  Crystalstable                 
00000c53  DMA_ERR_IRQHandler            
00000c53  DMA_INT0_IRQHandler           
00000c53  DMA_INT1_IRQHandler           
00000c53  DMA_INT2_IRQHandler           
00000c53  DMA_INT3_IRQHandler           
00000c53  DebugMon_Handler              
00000c53  Default_Handler               
00000c53  EUSCIA0_IRQHandler            
00000c53  EUSCIA1_IRQHandler            
00000c53  EUSCIA2_IRQHandler            
00000c53  EUSCIA3_IRQHandler            
00000c53  EUSCIB0_IRQHandler            
00000c53  EUSCIB1_IRQHandler            
00000c53  EUSCIB2_IRQHandler            
00000c53  EUSCIB3_IRQHandler            
00000c53  FLCTL_IRQHandler              
00000c53  FPU_IRQHandler                
00000c53  HardFault_Handler             
20000010  IFlags                        
000008fd  LaunchPad_Init                
0000096d  LaunchPad_Input               
00000987  LaunchPad_LED                 
000009a5  LaunchPad_Output              
00000c53  MemManage_Handler             
00000525  Motor_BackwardSimple          
0000048d  Motor_ForwardSimple           
00000411  Motor_InitSimple              
000005bd  Motor_LeftSimple              
00000655  Motor_RightSimple             
0000046d  Motor_StopSimple              
00000c53  NMI_Handler                   
00000c53  PCM_IRQHandler                
00000c53  PORT1_IRQHandler              
00000c53  PORT2_IRQHandler              
00000c53  PORT3_IRQHandler              
00000c53  PORT4_IRQHandler              
00000c53  PORT5_IRQHandler              
00000c53  PORT6_IRQHandler              
00000c53  PSS_IRQHandler                
00000b61  Pause                         
00000c53  PendSV_Handler                
2000000c  Postwait                      
20000004  Prewait                       
00000c53  RTC_C_IRQHandler              
00000c47  Reset_Handler                 
00000c53  SVC_Handler                   
00000c53  SysTick_Handler               
00000a8d  SysTick_Init                  
00000a9d  SysTick_Wait                  
00000ac3  SysTick_Wait10ms              
20000018  SystemCoreClock               
000000e5  SystemCoreClockUpdate         
00000359  SystemInit                    
00000c53  T32_INT1_IRQHandler           
00000c53  T32_INT2_IRQHandler           
00000c53  T32_INTC_IRQHandler           
00000c53  TA0_0_IRQHandler              
00000c53  TA0_N_IRQHandler              
00000c53  TA1_0_IRQHandler              
00000c53  TA1_N_IRQHandler              
00000c53  TA2_0_IRQHandler              
00000c53  TA2_N_IRQHandler              
00000c53  TA3_0_IRQHandler              
00000c53  TA3_N_IRQHandler              
00000c53  UsageFault_Handler            
4000480c  WDTCTL_SYM                    
00000c53  WDT_A_IRQHandler              
20010000  __STACK_END                   
00000200  __STACK_SIZE                  
00000c80  __TI_CINIT_Base               
00000c88  __TI_CINIT_Limit              
00000c78  __TI_Handler_Table_Base       
00000c80  __TI_Handler_Table_Limit      
00000bc1  __TI_auto_init_nobinit_nopinit
00000af9  __TI_decompress_lzss          
00000c39  __TI_decompress_none          
ffffffff  __TI_pprof_out_hndl           
ffffffff  __TI_prof_data_size           
ffffffff  __TI_prof_data_start          
00000000  __TI_static_base__            
000009f1  __aeabi_memcpy                
000009f1  __aeabi_memcpy4               
000009f1  __aeabi_memcpy8               
ffffffff  __binit__                     
ffffffff  __c_args__                    
UNDEFED   __mpu_init                    
2000fe00  __stack                       
00000c05  _c_int00_noargs               
UNDEFED   _system_post_cinit            
00000c5b  _system_pre_init              
00000c5f  abort                         
ffffffff  binit                         
00000839  delay                         
00000000  interruptVectors              
00000b75  main                          
000009f1  memcpy                        


GLOBAL SYMBOLS: SORTED BY Symbol Address 

address   name                          
-------   ----                          
00000000  __TI_static_base__            
00000000  interruptVectors              
000000e5  SystemCoreClockUpdate         
00000200  __STACK_SIZE                  
00000359  SystemInit                    
00000411  Motor_InitSimple              
0000046d  Motor_StopSimple              
0000048d  Motor_ForwardSimple           
00000525  Motor_BackwardSimple          
000005bd  Motor_LeftSimple              
00000655  Motor_RightSimple             
0000071d  Clock_Init48MHz               
00000833  Clock_GetFreq                 
00000839  delay                         
00000847  Clock_Delay1us                
00000871  Clock_Delay1ms                
000008fd  LaunchPad_Init                
0000096d  LaunchPad_Input               
00000987  LaunchPad_LED                 
000009a5  LaunchPad_Output              
000009f1  __aeabi_memcpy                
000009f1  __aeabi_memcpy4               
000009f1  __aeabi_memcpy8               
000009f1  memcpy                        
00000a8d  SysTick_Init                  
00000a9d  SysTick_Wait                  
00000ac3  SysTick_Wait10ms              
00000af9  __TI_decompress_lzss          
00000b61  Pause                         
00000b75  main                          
00000bc1  __TI_auto_init_nobinit_nopinit
00000c05  _c_int00_noargs               
00000c39  __TI_decompress_none          
00000c47  Reset_Handler                 
00000c53  ADC14_IRQHandler              
00000c53  AES256_IRQHandler             
00000c53  BusFault_Handler              
00000c53  COMP_E0_IRQHandler            
00000c53  COMP_E1_IRQHandler            
00000c53  CS_IRQHandler                 
00000c53  DMA_ERR_IRQHandler            
00000c53  DMA_INT0_IRQHandler           
00000c53  DMA_INT1_IRQHandler           
00000c53  DMA_INT2_IRQHandler           
00000c53  DMA_INT3_IRQHandler           
00000c53  DebugMon_Handler              
00000c53  Default_Handler               
00000c53  EUSCIA0_IRQHandler            
00000c53  EUSCIA1_IRQHandler            
00000c53  EUSCIA2_IRQHandler            
00000c53  EUSCIA3_IRQHandler            
00000c53  EUSCIB0_IRQHandler            
00000c53  EUSCIB1_IRQHandler            
00000c53  EUSCIB2_IRQHandler            
00000c53  EUSCIB3_IRQHandler            
00000c53  FLCTL_IRQHandler              
00000c53  FPU_IRQHandler                
00000c53  HardFault_Handler             
00000c53  MemManage_Handler             
00000c53  NMI_Handler                   
00000c53  PCM_IRQHandler                
00000c53  PORT1_IRQHandler              
00000c53  PORT2_IRQHandler              
00000c53  PORT3_IRQHandler              
00000c53  PORT4_IRQHandler              
00000c53  PORT5_IRQHandler              
00000c53  PORT6_IRQHandler              
00000c53  PSS_IRQHandler                
00000c53  PendSV_Handler                
00000c53  RTC_C_IRQHandler              
00000c53  SVC_Handler                   
00000c53  SysTick_Handler               
00000c53  T32_INT1_IRQHandler           
00000c53  T32_INT2_IRQHandler           
00000c53  T32_INTC_IRQHandler           
00000c53  TA0_0_IRQHandler              
00000c53  TA0_N_IRQHandler              
00000c53  TA1_0_IRQHandler              
00000c53  TA1_N_IRQHandler              
00000c53  TA2_0_IRQHandler              
00000c53  TA2_N_IRQHandler              
00000c53  TA3_0_IRQHandler              
00000c53  TA3_N_IRQHandler              
00000c53  UsageFault_Handler            
00000c53  WDT_A_IRQHandler              
00000c55  Bump_Init                     
00000c57  Bump_Read                     
00000c5b  _system_pre_init              
00000c5f  C$$EXIT                       
00000c5f  abort                         
00000c78  __TI_Handler_Table_Base       
00000c80  __TI_CINIT_Base               
00000c80  __TI_Handler_Table_Limit      
00000c88  __TI_CINIT_Limit              
20000000  ClockFrequency                
20000004  Prewait                       
20000008  CPMwait                       
2000000c  Postwait                      
20000010  IFlags                        
20000014  Crystalstable                 
20000018  SystemCoreClock               
2000fe00  __stack                       
20010000  __STACK_END                   
4000480c  WDTCTL_SYM                    
ffffffff  __TI_pprof_out_hndl           
ffffffff  __TI_prof_data_size           
ffffffff  __TI_prof_data_start          
ffffffff  __binit__                     
ffffffff  __c_args__                    
ffffffff  binit                         
UNDEFED   __mpu_init                    
UNDEFED   _system_post_cinit            

[112 symbols]
