******************************************************************************
                  TI ARM Linker PC v18.12.2                    
******************************************************************************
>> Linked Thu Jul  9 12:53:54 2020

OUTPUT FILE NAME:   <Lab12_Motors.out>
ENTRY POINT SYMBOL: "_c_int00_noargs"  address: 00000a8d


MEMORY CONFIGURATION

         name            origin    length      used     unused   attr    fill
----------------------  --------  ---------  --------  --------  ----  --------
  MAIN                  00000000   00040000  00000b0a  0003f4f6  R  X
  INFO                  00200000   00004000  00000000  00004000  R  X
  SRAM_CODE             01000000   00010000  0000021c  0000fde4  RW X
  SRAM_DATA             20000000   00010000  0000021c  0000fde4  RW  


SEGMENT ALLOCATION MAP

run origin  load origin   length   init length attrs members
----------  ----------- ---------- ----------- ----- -------
00000000    00000000    00000b10   00000b10    r-x
  00000000    00000000    000000e4   000000e4    r-- .intvecs
  000000e4    000000e4    00000a06   00000a06    r-x .text
  00000af0    00000af0    00000020   00000020    r-- .cinit
20000000    20000000    0000001c   00000000    rw-
  20000000    20000000    0000001c   00000000    rw- .data
2000fe00    2000fe00    00000200   00000000    rw-
  2000fe00    2000fe00    00000200   00000000    rw- .stack


SECTION ALLOCATION MAP

 output                                  attributes/
section   page    origin      length       input sections
--------  ----  ----------  ----------   ----------------
.intvecs   0    00000000    000000e4     
                  00000000    000000e4     startup_msp432p401r_ccs.obj (.intvecs:retain)

.text      0    000000e4    00000a06     
                  000000e4    00000388     MotorSimple.obj (.text)
                  0000046c    000001e4     system_msp432p401r.obj (.text)
                  00000650    0000013c     Clock.obj (.text)
                  0000078c    000000cc     Lab12_Motorsmain.obj (.text)
                  00000858    0000009c     LaunchPad.obj (.text)
                  000008f4    0000009c     rtsv7M4_T_le_v4SPD16_eabi.lib : memcpy_t2.asm.obj (.text)
                  00000990    00000068                                   : copy_decompress_lzss.c.obj (.text:decompress:lzss:__TI_decompress_lzss)
                  000009f8    00000050     SysTick.obj (.text)
                  00000a48    00000044     rtsv7M4_T_le_v4SPD16_eabi.lib : autoinit.c.obj (.text:__TI_auto_init_nobinit_nopinit:__TI_auto_init_nobinit_nopinit)
                  00000a8c    00000034                                   : boot_cortex_m.c.obj (.text:_c_int00_noargs:_c_int00_noargs)
                  00000ac0    0000000e                                   : copy_decompress_none.c.obj (.text:decompress:none:__TI_decompress_none)
                  00000ace    0000000e     startup_msp432p401r_ccs.obj (.text)
                  00000adc    00000006     Bump.obj (.text)
                  00000ae2    00000004     rtsv7M4_T_le_v4SPD16_eabi.lib : pre_init.c.obj (.text:_system_pre_init)
                  00000ae6    00000004                                   : exit.c.obj (.text:abort:abort)

.cinit     0    00000af0    00000020     
                  00000af0    0000000d     (.cinit..data.load) [load image, compression = lzss]
                  00000afd    00000003     --HOLE-- [fill = 0]
                  00000b00    00000008     (__TI_handler_table)
                  00000b08    00000008     (__TI_cinit_table)

.init_array 
*          0    00000000    00000000     UNINITIALIZED

.binit     0    00000000    00000000     

.data      0    20000000    0000001c     UNINITIALIZED
                  20000000    00000018     Clock.obj (.data)
                  20000018    00000004     system_msp432p401r.obj (.data)

.stack     0    2000fe00    00000200     UNINITIALIZED
                  2000fe00    00000004     rtsv7M4_T_le_v4SPD16_eabi.lib : boot_cortex_m.c.obj (.stack)
                  2000fe04    000001fc     --HOLE--

MODULE SUMMARY

       Module                        code   ro data   rw data
       ------                        ----   -------   -------
    .\
       MotorSimple.obj               904    0         0      
       system_msp432p401r.obj        484    0         8      
       Clock.obj                     316    0         48     
       startup_msp432p401r_ccs.obj   14     228       0      
       Lab12_Motorsmain.obj          204    0         0      
       LaunchPad.obj                 156    0         0      
       SysTick.obj                   80     0         0      
       Bump.obj                      6      0         0      
    +--+-----------------------------+------+---------+---------+
       Total:                        2164   228       56     
                                                             
    C:\ti\ccs910\ccs\tools\compiler\ti-cgt-arm_18.12.2.LTS\lib\rtsv7M4_T_le_v4SPD16_eabi.lib
       memcpy_t2.asm.obj             156    0         0      
       copy_decompress_lzss.c.obj    104    0         0      
       autoinit.c.obj                68     0         0      
       boot_cortex_m.c.obj           52     0         0      
       copy_decompress_none.c.obj    14     0         0      
       exit.c.obj                    4      0         0      
       pre_init.c.obj                4      0         0      
    +--+-----------------------------+------+---------+---------+
       Total:                        402    0         0      
                                                             
       Stack:                        0      0         1024   
       Linker Generated:             0      29        0      
    +--+-----------------------------+------+---------+---------+
       Grand Total:                  2566   257       1080   


LINKER GENERATED COPY TABLES

__TI_cinit_table @ 00000b08 records: 1, size/record: 8, table size: 8
	.data: load addr=00000af0, load size=0000000d bytes, run addr=20000000, run size=0000001c bytes, compression=lzss


LINKER GENERATED HANDLER TABLE

__TI_handler_table @ 00000b00 records: 2, size/record: 4, table size: 8
	index: 0, handler: __TI_decompress_lzss
	index: 1, handler: __TI_decompress_none


GLOBAL SYMBOLS: SORTED ALPHABETICALLY BY Name 

address   name                          
-------   ----                          
00000adb  ADC14_IRQHandler              
00000adb  AES256_IRQHandler             
00000ae1  Bump_Init                     
00000add  Bump_Read                     
00000adb  BusFault_Handler              
00000ae7  C$$EXIT                       
00000adb  COMP_E0_IRQHandler            
00000adb  COMP_E1_IRQHandler            
20000008  CPMwait                       
00000adb  CS_IRQHandler                 
20000000  ClockFrequency                
00000743  Clock_Delay1ms                
00000741  Clock_Delay1us                
0000073b  Clock_GetFreq                 
00000657  Clock_Init48MHz               
20000014  Crystalstable                 
00000adb  DMA_ERR_IRQHandler            
00000adb  DMA_INT0_IRQHandler           
00000adb  DMA_INT1_IRQHandler           
00000adb  DMA_INT2_IRQHandler           
00000adb  DMA_INT3_IRQHandler           
00000adb  DebugMon_Handler              
00000adb  Default_Handler               
00000adb  EUSCIA0_IRQHandler            
00000adb  EUSCIA1_IRQHandler            
00000adb  EUSCIA2_IRQHandler            
00000adb  EUSCIA3_IRQHandler            
00000adb  EUSCIB0_IRQHandler            
00000adb  EUSCIB1_IRQHandler            
00000adb  EUSCIB2_IRQHandler            
00000adb  EUSCIB3_IRQHandler            
00000425  Echo_init                     
000003c5  Echo_loop_left                
00000365  Echo_loop_middle              
00000305  Echo_loop_right               
00000adb  FLCTL_IRQHandler              
00000adb  FPU_IRQHandler                
00000adb  HardFault_Handler             
20000010  IFlags                        
00000893  LaunchPad_Init                
00000875  LaunchPad_Input               
00000867  LaunchPad_LED                 
00000859  LaunchPad_Output              
00000adb  MemManage_Handler             
0000029b  Motor_BackwardSimple          
00000231  Motor_ForwardSimple           
000001d9  Motor_InitSimple              
0000016f  Motor_LeftSimple              
00000105  Motor_RightSimple             
000000e5  Motor_StopSimple              
00000adb  NMI_Handler                   
00000adb  PCM_IRQHandler                
00000adb  PORT1_IRQHandler              
00000adb  PORT2_IRQHandler              
00000adb  PORT3_IRQHandler              
00000adb  PORT4_IRQHandler              
00000adb  PORT5_IRQHandler              
00000adb  PORT6_IRQHandler              
00000adb  PSS_IRQHandler                
00000845  Pause                         
00000adb  PendSV_Handler                
2000000c  Postwait                      
20000004  Prewait                       
00000adb  RTC_C_IRQHandler              
00000acf  Reset_Handler                 
00000adb  SVC_Handler                   
00000adb  SysTick_Handler               
00000a33  SysTick_Init                  
000009f9  SysTick_Wait                  
00000a21  SysTick_Wait10ms              
00000a0f  SysTick_Wait1us               
20000018  SystemCoreClock               
000004c3  SystemCoreClockUpdate         
0000046d  SystemInit                    
00000adb  T32_INT1_IRQHandler           
00000adb  T32_INT2_IRQHandler           
00000adb  T32_INTC_IRQHandler           
00000adb  TA0_0_IRQHandler              
00000adb  TA0_N_IRQHandler              
00000adb  TA1_0_IRQHandler              
00000adb  TA1_N_IRQHandler              
00000adb  TA2_0_IRQHandler              
00000adb  TA2_N_IRQHandler              
00000adb  TA3_0_IRQHandler              
00000adb  TA3_N_IRQHandler              
00000adb  UsageFault_Handler            
4000480c  WDTCTL_SYM                    
00000adb  WDT_A_IRQHandler              
20010000  __STACK_END                   
00000200  __STACK_SIZE                  
00000b08  __TI_CINIT_Base               
00000b10  __TI_CINIT_Limit              
00000b00  __TI_Handler_Table_Base       
00000b08  __TI_Handler_Table_Limit      
00000a49  __TI_auto_init_nobinit_nopinit
00000991  __TI_decompress_lzss          
00000ac1  __TI_decompress_none          
ffffffff  __TI_pprof_out_hndl           
ffffffff  __TI_prof_data_size           
ffffffff  __TI_prof_data_start          
00000000  __TI_static_base__            
000008f5  __aeabi_memcpy                
000008f5  __aeabi_memcpy4               
000008f5  __aeabi_memcpy8               
ffffffff  __binit__                     
ffffffff  __c_args__                    
UNDEFED   __mpu_init                    
2000fe00  __stack                       
00000a8d  _c_int00_noargs               
UNDEFED   _system_post_cinit            
00000ae3  _system_pre_init              
00000ae7  abort                         
ffffffff  binit                         
00000651  delay                         
00000000  interruptVectors              
0000078d  main                          
000008f5  memcpy                        


GLOBAL SYMBOLS: SORTED BY Symbol Address 

address   name                          
-------   ----                          
00000000  __TI_static_base__            
00000000  interruptVectors              
000000e5  Motor_StopSimple              
00000105  Motor_RightSimple             
0000016f  Motor_LeftSimple              
000001d9  Motor_InitSimple              
00000200  __STACK_SIZE                  
00000231  Motor_ForwardSimple           
0000029b  Motor_BackwardSimple          
00000305  Echo_loop_right               
00000365  Echo_loop_middle              
000003c5  Echo_loop_left                
00000425  Echo_init                     
0000046d  SystemInit                    
000004c3  SystemCoreClockUpdate         
00000651  delay                         
00000657  Clock_Init48MHz               
0000073b  Clock_GetFreq                 
00000741  Clock_Delay1us                
00000743  Clock_Delay1ms                
0000078d  main                          
00000845  Pause                         
00000859  LaunchPad_Output              
00000867  LaunchPad_LED                 
00000875  LaunchPad_Input               
00000893  LaunchPad_Init                
000008f5  __aeabi_memcpy                
000008f5  __aeabi_memcpy4               
000008f5  __aeabi_memcpy8               
000008f5  memcpy                        
00000991  __TI_decompress_lzss          
000009f9  SysTick_Wait                  
00000a0f  SysTick_Wait1us               
00000a21  SysTick_Wait10ms              
00000a33  SysTick_Init                  
00000a49  __TI_auto_init_nobinit_nopinit
00000a8d  _c_int00_noargs               
00000ac1  __TI_decompress_none          
00000acf  Reset_Handler                 
00000adb  ADC14_IRQHandler              
00000adb  AES256_IRQHandler             
00000adb  BusFault_Handler              
00000adb  COMP_E0_IRQHandler            
00000adb  COMP_E1_IRQHandler            
00000adb  CS_IRQHandler                 
00000adb  DMA_ERR_IRQHandler            
00000adb  DMA_INT0_IRQHandler           
00000adb  DMA_INT1_IRQHandler           
00000adb  DMA_INT2_IRQHandler           
00000adb  DMA_INT3_IRQHandler           
00000adb  DebugMon_Handler              
00000adb  Default_Handler               
00000adb  EUSCIA0_IRQHandler            
00000adb  EUSCIA1_IRQHandler            
00000adb  EUSCIA2_IRQHandler            
00000adb  EUSCIA3_IRQHandler            
00000adb  EUSCIB0_IRQHandler            
00000adb  EUSCIB1_IRQHandler            
00000adb  EUSCIB2_IRQHandler            
00000adb  EUSCIB3_IRQHandler            
00000adb  FLCTL_IRQHandler              
00000adb  FPU_IRQHandler                
00000adb  HardFault_Handler             
00000adb  MemManage_Handler             
00000adb  NMI_Handler                   
00000adb  PCM_IRQHandler                
00000adb  PORT1_IRQHandler              
00000adb  PORT2_IRQHandler              
00000adb  PORT3_IRQHandler              
00000adb  PORT4_IRQHandler              
00000adb  PORT5_IRQHandler              
00000adb  PORT6_IRQHandler              
00000adb  PSS_IRQHandler                
00000adb  PendSV_Handler                
00000adb  RTC_C_IRQHandler              
00000adb  SVC_Handler                   
00000adb  SysTick_Handler               
00000adb  T32_INT1_IRQHandler           
00000adb  T32_INT2_IRQHandler           
00000adb  T32_INTC_IRQHandler           
00000adb  TA0_0_IRQHandler              
00000adb  TA0_N_IRQHandler              
00000adb  TA1_0_IRQHandler              
00000adb  TA1_N_IRQHandler              
00000adb  TA2_0_IRQHandler              
00000adb  TA2_N_IRQHandler              
00000adb  TA3_0_IRQHandler              
00000adb  TA3_N_IRQHandler              
00000adb  UsageFault_Handler            
00000adb  WDT_A_IRQHandler              
00000add  Bump_Read                     
00000ae1  Bump_Init                     
00000ae3  _system_pre_init              
00000ae7  C$$EXIT                       
00000ae7  abort                         
00000b00  __TI_Handler_Table_Base       
00000b08  __TI_CINIT_Base               
00000b08  __TI_Handler_Table_Limit      
00000b10  __TI_CINIT_Limit              
20000000  ClockFrequency                
20000004  Prewait                       
20000008  CPMwait                       
2000000c  Postwait                      
20000010  IFlags                        
20000014  Crystalstable                 
20000018  SystemCoreClock               
2000fe00  __stack                       
20010000  __STACK_END                   
4000480c  WDTCTL_SYM                    
ffffffff  __TI_pprof_out_hndl           
ffffffff  __TI_prof_data_size           
ffffffff  __TI_prof_data_start          
ffffffff  __binit__                     
ffffffff  __c_args__                    
ffffffff  binit                         
UNDEFED   __mpu_init                    
UNDEFED   _system_post_cinit            

[117 symbols]
